gfxmenu (hd0,0)/grub4dos/Elisha2.gz
timeout 30
default /default

title Загрузка с жёсткого диска
find --set-root --ignore-floppies --ignore-cd /bootmgr || find --set-root --ignore-floppies --ignore-cd /ntldr
map (hd0) (hd1)
map (hd1) (hd0)
map --hook
rootnoverify (hd0)
chainloader (hd0)+1

title Проверка оперативной памяти Memtest86+
map (hd0,0)/grub4dos/iso/mt420.iso (hd32)
map --hook
root (hd32)
chainloader (hd32)
boot
 
title Проверка жесткого диска Victoria 3.5
map (hd0,0)/grub4dos/iso/vcr35r.iso (hd32)
map --hook
root (hd32)
chainloader (hd32)
boot

title Acronis
map --mem /grub4dos/firadisk.ima (fd0)
map (hd0,0)/grub4dos/iso/acronis.iso (hd32)
map --hook
root (hd32)
chainloader (hd32)
boot

title Windows_XP_Live_CD_Mini
map (hd0,0)/grub4dos/iso/Windows_XP_Live_CD_Mini.iso (hd32)
map --hook
root (hd32)
chainloader (hd32)
boot

title WindowsXPproSP3_x86
map --mem /iso/firadisk.IMA (fd0)
map --mem /iso/win-xp.iso (0xFF)
map (hd0) (hd1)
map (hd1) (hd0)
map --hook
chainloader (0xFF)

title xubuntu-12.10-desktop-i386
map /grub4dos/iso/xubuntu-12.10-desktop-i386.iso (hd32)
map --hook
root (hd32)
kernel /casper/vmlinuz iso-scan/filename=/grub4dos/iso/xubuntu-12.10-desktop-i386.iso boot=casper quiet splash -- locale=en_US
initrd /casper/initrd.lz

title DrWeb LiveCD
root (hd0,0)
kernel /boot/vmlinuz ID=blZAUmR1HjiFrUb5 root=/dev/ram0 init=/linuxrc init_opts=4 quiet dokeymap looptype=squashfs loop=/boot/module/white.mo usbroot slowusb initrd=/boot/initrd vga=791 splash=silent,theme:drweb CONSOLE=/dev/tty1
initrd /boots/initrd

title Kaspersky Rescue Disk
find --set-root --ignore-cd /rescue/rescueusb.iso
map /rescue/rescueusb.iso (0xff) || map --mem /rescue/rescueusb.iso (0xff)
map --hook
chainloader (0xff)

title Start PLoP boot manager
root (hd0,0)
kernel /grub4dos/plpbt.bin

title Перезагрузка компьютера
reboot
